<html>
<body>
<pre>
<h1>µVision Build Log</h1>
<h2>Project:</h2>
D:\LCDTestor\Firmware\LCD\Prj\LCDTestor.uvproj
Project File Date:  12/01/2014

<h2>Output:</h2>
Build target 'LCDTestor'
linking...
Program Size: Code=3328 RO-data=336 RW-data=24 ZI-data=1632  
"LCDTestor.axf" - 0 Error(s), 0 Warning(s).
Clean started: Project: 'LCDTestor'
   deleting intermediate output files for target 'LCDTestor'
Build target 'LCDTestor'
compiling main.c...
compiling misc.c...
compiling stm32f10x_gpio.c...
compiling stm32f10x_rcc.c...
compiling core_cm3.c...
compiling system_stm32f10x.c...
compiling stm32f10x_it.c...
..\Libraries\STM32F10x_StdPeriph_Driver\src\stm32f10x_it.c(143): warning:  #223-D: function "SigLightToggle" declared implicitly
compiling bsp.c...
compiling Lights.c...
assembling startup_stm32f10x_hd.s...
linking...
Program Size: Code=3328 RO-data=336 RW-data=24 ZI-data=1632  
"LCDTestor.axf" - 0 Error(s), 1 Warning(s).
Clean started: Project: 'LCDTestor'
   deleting intermediate output files for target 'LCDTestor'
